[www.pronalytiq.com/index.html]
[backblue.gif]
[fade.gif]
[index.html]
[pronalytiq.com/wp-content/plugins/formidable/css/formidableformsb8bd.css]
[pronalytiq.com/wp-content/themes/themify-ultra/themify/css/themify.common.min9537.css]
[pronalytiq.com/wp-includes/css/dist/block-library/style.min7661.css]
[pronalytiq.com/wp-content/plugins/contact-form-7/includes/css/styles7752.css]
[pronalytiq.com/wp-content/plugins/mashsharer/assets/css/mashsb.min87e3.css]
[pronalytiq.com/wp-content/plugins/seo-ultimate-plus/plugin/seo.front5d0a.css]
[pronalytiq.com/wp-content/plugins/wp-math-captcha/css/frontend7661.css]
[pronalytiq.com/wp-content/plugins/mashshare-networks/assets/css/mashnet.mina305.css]
[pronalytiq.com/wp-content/themes/themify-ultra/style.mincc91.css]
[pronalytiq.com/wp-content/themes/themify-ultra/media-queries.mincc91.css]
[pronalytiq.com/wp-content/themes/themify-ultra/skins/agency/style.min9537.css]
[pronalytiq.com/wp-content/themes/themify-ultra/styles/header-classic.min7661.css]
[pronalytiq.com/wp-content/uploads/themify-css/themify-builder-5883-generated4234.css]
[pronalytiq.com/wp-content/uploads/themify-customizer8e0c.css]
[pronalytiq.com/wp-includes/js/jquery/jquery4a5f.js]
[pronalytiq.com/wp-includes/js/jquery/jquery-migrate.min330a.js]
[pronalytiq.com/wp-content/plugins/mashsharer/assets/js/mashsb.min87e3.js]
[pronalytiq.com/wp-content/plugins/mashshare-networks/assets/js/mashnet.mina305.js]
[pronalytiq.com/wp-content/uploads/2020/05/cropped-favicon-32x32.png]
[pronalytiq.com/wp-content/uploads/2020/05/cropped-favicon-192x192.png]
[pronalytiq.com/wp-content/uploads/2020/05/cropped-favicon-180x180.png]
[pronalytiq.com/wp-content/uploads/2020/05/ProLogo.png]
[pronalytiq.com/wp-content/themes/themify-ultra/themify/themify-builder/css/themify-builder-style.min9537.css]
[pronalytiq.com/wp-content/themes/themify-ultra/themify/js/main.min9537.js]
[www.pronalytiq.com/services/tax-resolution/index.html]
[www.pronalytiq.com/services/taxes/index.html]
[www.pronalytiq.com/services/bookkeeping/index.html]
[www.pronalytiq.com/services/payroll/index.html]
[www.pronalytiq.com/services/consulting-for-quickbooks/index.html]
[pronalytiq.com/wp-content/plugins/contact-form-7/includes/js/scripts7752.js]
[www.pronalytiq.com/services/accounting-services/index.html]
[pronalytiq.com/wp-content/plugins/page-links-to/dist/new-tab7984.js]
[pronalytiq.com/wp-includes/js/imagesloaded.min55a0.js]
[pronalytiq.com/wp-content/themes/themify-ultra/themify/js/themify.sidemenu.mincc91.js]
[pronalytiq.com/wp-content/themes/themify-ultra/js/themify.script.mincc91.js]
[pronalytiq.com/wp-includes/js/comment-reply.min7661.js]
[www.pronalytiq.com/index.html]
[pronalytiq.com/wp-content/plugins/formidable/images/ajax_loader.gif]
[pronalytiq.com/wp-content/plugins/formidable/css/formidableformsb8bd.css]
[pronalytiq.com/wp-content/themes/themify-ultra/themify/css/themify.common.min9537.css]
[pronalytiq.com/wp-includes/css/dist/block-library/style.min7661.css]
[pronalytiq.com/wp-content/plugins/contact-form-7/images/ajax-loader.gif]
[pronalytiq.com/wp-content/plugins/contact-form-7/includes/css/styles7752.css]
[pronalytiq.com/wp-content/plugins/mashsharer/assets/css/mashsb.min87e3.css]
[pronalytiq.com/wp-content/plugins/seo-ultimate-plus/plugin/seo.front5d0a.css]
[pronalytiq.com/wp-content/plugins/wp-math-captcha/css/frontend7661.css]
[pronalytiq.com/wp-content/plugins/mashshare-networks/assets/css/mashnet.mina305.css]
[pronalytiq.com/wp-content/themes/themify-ultra/style.mincc91.css]
[pronalytiq.com/wp-content/themes/themify-ultra/media-queries.mincc91.css]
[pronalytiq.com/wp-content/themes/themify-ultra/skins/agency/style.min9537.css]
[pronalytiq.com/wp-content/themes/themify-ultra/styles/header-classic.min7661.css]
[pronalytiq.com/wp-content/uploads/2019/01/home.jpg]
[pronalytiq.com/wp-content/uploads/2019/01/feature2.jpg]
[pronalytiq.com/wp-content/uploads/2019/01/feature1.jpg]
[pronalytiq.com/wp-content/uploads/2019/01/feature3-2.jpg]
[pronalytiq.com/wp-content/uploads/2019/01/aboutus-1.jpg]
[pronalytiq.com/wp-content/uploads/2019/01/contact.jpg]
[pronalytiq.com/wp-content/uploads/themify-css/themify-builder-5883-generated4234.css]
[pronalytiq.com/wp-content/uploads/themify-customizer8e0c.css]
[pronalytiq.com/wp-content/themes/themify-ultra/themify/themify-builder/css/themify-builder-style.min9537.css]
[pronalytiq.com/wp-content/uploads/themify-css/themify-builder-5263-generatedeccf.css]
[www.pronalytiq.com/services/taxes/index.html]
[pronalytiq.com/wp-content/uploads/themify-css/themify-builder-5265-generated5d55.css]
[www.pronalytiq.com/services/tax-resolution/index.html]
[pronalytiq.com/wp-content/uploads/themify-css/themify-builder-5257-generated8dbe.css]
[www.pronalytiq.com/services/bookkeeping/index.html]
[www.pronalytiq.com/contact/index.html]
[pronalytiq.com/wp-content/uploads/themify-css/themify-builder-5260-generated301c.css]
[www.pronalytiq.com/services/payroll/index.html]
[www.pronalytiq.com/quickbooks-products/quickbooks-desktop/index.html]
[www.pronalytiq.com/quickbooks-products/quickbooks-online/index.html]
[www.pronalytiq.com/quickbooks-products/quickbooks-enterprise-solutions/index.html]
[pronalytiq.com/wp-content/uploads/themify-css/themify-builder-5251-generatedaa18.css]
[www.pronalytiq.com/services/consulting-for-quickbooks/index.html]
[pronalytiq.com/wp-content/uploads/themify-css/themify-builder-5267-generated6e9b.css]
[www.pronalytiq.com/services/accounting-services/index.html]
[websample3.com/wp-content/uploads/2019/01/05.png]
[www.pronalytiq.com/services/training-for-quickbooks/index.html]
[pronalytiq.com/wp-content/uploads/themify-css/themify-builder-5263-generatedeccf.css]
[pronalytiq.com/wp-content/uploads/themify-css/themify-builder-177-generateda807.css]
[www.pronalytiq.com/contact/index.html]
[websample3.com/wp-content/uploads/2019/01/02.png]
[pronalytiq.com/wp-content/uploads/themify-css/themify-builder-5265-generated5d55.css]
[websample3.com/wp-content/uploads/2019/01/03.png]
[pronalytiq.com/wp-content/uploads/themify-css/themify-builder-5257-generated8dbe.css]
[pronalytiq.com/wp-content/uploads/themify-css/themify-builder-1951-generatedaaf1.css]
[www.pronalytiq.com/quickbooks-products/quickbooks-online/index.html]
[www.pronalytiq.com/services/cloud-accounting/index.html]
[pronalytiq.com/wp-content/uploads/themify-css/themify-builder-1954-generatedc179.css]
[www.pronalytiq.com/quickbooks-products/quickbooks-desktop/index.html]
[pronalytiq.com/wp-content/uploads/themify-css/themify-builder-1952-generated7d4f.css]
[www.pronalytiq.com/quickbooks-products/quickbooks-enterprise-solutions/index.html]
[websample3.com/wp-content/uploads/2019/01/04.png]
[pronalytiq.com/wp-content/uploads/themify-css/themify-builder-5260-generated301c.css]
[websample3.com/wp-content/uploads/2019/01/06.png]
[pronalytiq.com/wp-content/uploads/themify-css/themify-builder-5251-generatedaa18.css]
[pronalytiq.com/wp-content/uploads/themify-css/themify-builder-5253-generated5240.css]
[www.pronalytiq.com/services/training-for-quickbooks/index.html]
[pronalytiq.com/wp-content/uploads/2019/01/01.png]
[pronalytiq.com/wp-content/uploads/themify-css/themify-builder-5267-generated6e9b.css]
[pronalytiq.com/wp-content/uploads/themify-css/themify-builder-177-generateda807.css]
[websample3.com/wp-content/uploads/2019/01/qb1.png]
[pronalytiq.com/wp-content/uploads/themify-css/themify-builder-1951-generatedaaf1.css]
[pronalytiq.com/wp-content/uploads/themify-css/themify-builder-5487-generated5f8d.css]
[www.pronalytiq.com/services/cloud-accounting/index.html]
[websample3.com/wp-content/uploads/2019/01/qb2.png]
[pronalytiq.com/wp-content/uploads/themify-css/themify-builder-1954-generatedc179.css]
[websample3.com/wp-content/uploads/2019/01/qb3.png]
[pronalytiq.com/wp-content/uploads/themify-css/themify-builder-1952-generated7d4f.css]
[websample3.com/wp-content/uploads/2019/01/07.png]
[pronalytiq.com/wp-content/uploads/themify-css/themify-builder-5253-generated5240.css]
[websample3.com/wp-content/uploads/2019/01/09.png]
[pronalytiq.com/wp-content/uploads/themify-css/themify-builder-5487-generated5f8d.css]
